<testsuite time="0"><testcase classname="network-front.spec" name="Then the Sport section should have a &quot;Show more&quot; cta that loads in more top stories" time="4.085"></testcase><testcase classname="network-front.spec" name="Then the Comment is free section should have a &quot;Show more&quot; cta that loads in more top stories" time="1.202"></testcase><testcase classname="network-front.spec" name="Then the Culture section should have a &quot;Show more&quot; cta that loads in more top stories" time="0.799"></testcase><testcase classname="network-front.spec" name="When I hide a section then the section will be hidden" time="1.315"></testcase><testcase classname="network-front.spec" name="When I show a section then the section will be shown" time="0.507"></testcase><testcase classname="network-front.spec" name="When I refresh the page then the section will remain hidden" time="2.498"></testcase></testsuite>